// Vitest Snapshot v1

exports[`CheckBox > render correctly 1`] = `"<label class=\\"\\"><input type=\\"checkbox\\" value=\\"false\\"></label>"`;
